<?xml version="1.0" encoding="UTF-8"?>
<testsuites name="jest tests" tests="5" failures="0" errors="0" time="4.377">
  <testsuite name="__tests__/Home.test.jsx" errors="0" failures="0" skipped="0" timestamp="2025-01-21T15:27:25" time="2.459" tests="2">
    <testcase classname="Home should have About text" name="Home should have About text" time="0.122">
    </testcase>
    <testcase classname="Home should containe the text &quot;Lorem ipsum&quot;" name="Home should containe the text &quot;Lorem ipsum&quot;" time="0.022">
    </testcase>
  </testsuite>
  <testsuite name="__tests__/About.test.jsx" errors="0" failures="0" skipped="0" timestamp="2025-01-21T15:27:28" time="0.408" tests="3">
    <testcase classname="About should containe the text &quot;About&quot;" name="About should containe the text &quot;About&quot;" time="0.019">
    </testcase>
    <testcase classname="About should containe the text &quot;Back to the homse page&quot;" name="About should containe the text &quot;Back to the homse page&quot;" time="0.024">
    </testcase>
    <testcase classname="About should containe the text &quot;Lorem ipsum&quot;" name="About should containe the text &quot;Lorem ipsum&quot;" time="0.015">
    </testcase>
  </testsuite>
</testsuites>